// Jest Snapshot v1, https://goo.gl/fbAQLP

exports[`renders correctly 1`] = `
<footer
  className="footer text-center"
>
  <span
    className="text-center copyright"
  >
    Copyright Â© TrustFeed 2018
  </span>
</footer>
`;
