// Jest Snapshot v1, https://goo.gl/fbAQLP

exports[`renders correctly 1`] = `
<div
  className="py-5 text-center"
>
  <div
    className="spinner"
  />
</div>
`;
